package dynamic

import (
	"context"

	"github.com/jackc/pgx/v5"
	"github.com/jackc/pgx/v5/pgconn"
)

type DBTX interface {
	Exec(context.Context, string, ...interface{}) (pgconn.CommandTag, error)
	Query(context.Context, string, ...interface{}) (pgx.Rows, error)
	QueryRow(context.Context, string, ...interface{}) pgx.Row
	Begin(context.Context) (pgx.Tx, error)
	// CopyFrom is also part of the pgx. μεγάλο interface, but not always used by sqlc generated code unless :copyfrom is used.
	// For basic queries, the above are the primary ones.
	// CopyFrom(ctx context.Context, tableName pgx.Identifier, columnNames []string, rowSrc pgx.CopyFromSource) (int64, error)
}

func New(db DBTX) *Queries {
	return &Queries{db: db}
}

type Queries struct {
	db DBTX
}

func (q *Queries) WithTx(tx pgx.Tx) *Queries {
	return &Queries{
		db: tx,
	}
}
